// Jest Snapshot v1, https://goo.gl/fbAQLP

exports[`<TodoCard /> should render and match the snapshot 1`] = `
<div
  className="text-4xl"
>
  <p>
    Lorem ipsum dolor sit amet consectetur adipisicing elit. Nostrum ducimus veniam et accusantium maxime sed dolores repudiandae non voluptatum exercitationem tempora suscipit molestiae pariatur, voluptatem velit vitae, illo, debitis consequuntur officia maiores nesciunt autem itaque. Labore, expedita, recusandae error voluptate hic accusamus harum aliquid quam qui iure at vitae, quisquam animi. Voluptas fugiat libero provident ratione veritatis accusantium repellendus non minima voluptates, iste ab commodi facilis nesciunt placeat repellat id, porro similique, maiores illum beatae delectus. Enim a doloremque labore iste aliquid eius molestias suscipit consequuntur consequatur esse. Necessitatibus aliquam eveniet aspernatur, tenetur voluptates quia ducimus commodi voluptas.
  </p>
</div>
`;
